C:/Users/rabbi/Desktop/RT/Core/Src/main.c:72:5:main	8	static
C:/Users/rabbi/Desktop/RT/Core/Src/main.c:119:6:SystemClock_Config	72	static
C:/Users/rabbi/Desktop/RT/Core/Src/main.c:156:13:MX_USART1_UART_Init	8	static
C:/Users/rabbi/Desktop/RT/Core/Src/main.c:187:13:MX_DMA_Init	16	static
C:/Users/rabbi/Desktop/RT/Core/Src/main.c:205:13:MX_GPIO_Init	16	static
C:/Users/rabbi/Desktop/RT/Core/Src/main.c:222:6:HAL_UARTEx_RxEventCallback	16	static
C:/Users/rabbi/Desktop/RT/Core/Src/main.c:239:6:Error_Handler	4	static,ignoring_inline_asm
